------------------------------------------------------------
Timing Analyzer Summary
------------------------------------------------------------

Type  : Slow 1100mV 85C Model Setup 'clk'
Slack : -0.043
TNS   : -0.075

Type  : Slow 1100mV 85C Model Hold 'clk'
Slack : 0.310
TNS   : 0.000

Type  : Slow 1100mV 85C Model Minimum Pulse Width 'clk'
Slack : -0.724
TNS   : -4.437

Type  : Slow 1100mV 0C Model Setup 'clk'
Slack : -0.006
TNS   : -0.010

Type  : Slow 1100mV 0C Model Hold 'clk'
Slack : 0.296
TNS   : 0.000

Type  : Slow 1100mV 0C Model Minimum Pulse Width 'clk'
Slack : -0.724
TNS   : -4.434

Type  : Fast 1100mV 85C Model Setup 'clk'
Slack : 0.521
TNS   : 0.000

Type  : Fast 1100mV 85C Model Hold 'clk'
Slack : 0.140
TNS   : 0.000

Type  : Fast 1100mV 85C Model Minimum Pulse Width 'clk'
Slack : -0.086
TNS   : -0.340

Type  : Fast 1100mV 0C Model Setup 'clk'
Slack : 0.544
TNS   : 0.000

Type  : Fast 1100mV 0C Model Hold 'clk'
Slack : 0.127
TNS   : 0.000

Type  : Fast 1100mV 0C Model Minimum Pulse Width 'clk'
Slack : -0.085
TNS   : -0.338

------------------------------------------------------------
